Microchip MPLAB XC8 Compiler V2.32

Linker command line:

-W-3 --edf=C:\Program Files\Microchip\xc8\v2.32\pic\dat\en_msgs.txt -cn \
  -h+dist/default/debug\jogo_da_velha.X.debug.sym \
  --cmf=dist/default/debug\jogo_da_velha.X.debug.cmf -z -Q18F4520 \
  -oC:\Users\dougd\AppData\Local\Temp\xcAs73k.5 --defsym=__MPLAB_BUILD=1 \
  -Mdist/default/debug/jogo_da_velha.X.debug.map -E1 -ver=XC8 Compiler \
  --acfsm=1493 -ASTACK=080h-05FFh -pstack=STACK -ACODE=00h-06FFFh \
  -ACONST=00h-06FFFh -ASMALLCONST=0600h-06FFhx106 \
  -AMEDIUMCONST=0600h-06FFFh -ACOMRAM=01h-07Fh -AABS1=00h-05FFh \
  -ABIGRAM=01h-05FFh -ARAM=080h-0FFh,0100h-01FFhx5 -ABANK0=080h-0FFh \
  -ABANK1=0100h-01FFh -ABANK2=0200h-02FFh -ABANK3=0300h-03FFh \
  -ABANK4=0400h-04FFh -ABANK5=0500h-05FFh -ASFR=0F80h-0FFFh \
  -ACONFIG=0300000h-030000Dh -AIDLOC=0200000h-0200007h \
  -AEEDATA=0F00000h-0F000FFh -peeprom_data=EEDATA \
  -preset_vec=00h,intcode=08h,intcodelo,powerup,init -pramtop=0600h \
  -psmallconst=SMALLCONST -pmediumconst=MEDIUMCONST -pconst=CONST \
  -AFARRAM=00h-00h \
  -prdata=COMRAM,nvrram=COMRAM,nvbit=COMRAM,rbss=COMRAM,rbit=COMRAM \
  -pfarbss=FARRAM,fardata=FARRAM,nvFARRAM=FARRAM \
  -pintsave_regs=BIGRAM,bigbss=BIGRAM,bigdata=BIGRAM -pbss=RAM \
  -pidata=CODE,irdata=CODE,ibigdata=CODE,ifardata=CODE -prparam=COMRAM \
  C:\Users\dougd\AppData\Local\Temp\xcAs73k.o \
  dist/default/debug\jogo_da_velha.X.debug.o 

Object code version is 3.11

Machine type is 18F4520



                Name                               Link     Load   Length Selector   Space Scale
C:\Users\dougd\AppData\Local\Temp\xcAs73k.o
                idloc                            200000   200000        8        0       5
                config                           300000   300000        E        0       4
                init                                  E        E        4        4       0
                reset_vec                             0        0        4        0       0
dist/default/debug\jogo_da_velha.X.debug.o
                intcode                               8        8        6        4       0
                idloc                            200000   200000        8        0       5
                config                           300000   300000        E        0       4
                temp                                 4A       4A        1        1       1
                intcode_body                        D9C      D9C      27C        4       0
                text7                              1018     1018       C4        4       0
                text6                              10DC     10DC       B0        4       0
                text5                              1274     1274       26        4       0
                text4                              129A     129A       1A        4       0
                text3                              1222     1222       52        4       0
                text2                               AE2      AE2      2BA        4       0
                text1                              118C     118C       96        4       0
                text0                                12       12      AD0        4       0
                cstackCOMRAM                          1        1       28        1       1
                bssCOMRAM                            29       29       21        1       1
                cinit                              12B4     12B4       16        4       0

TOTAL           Name                               Link     Load   Length     Space
        CLASS   STACK          

        CLASS   CODE           
                intcode                               8        8        6         0
                init                                  E        E        4         0
                reset_vec                             0        0        4         0
                intcode_body                        D9C      D9C      27C         0
                text7                              1018     1018       C4         0
                text6                              10DC     10DC       B0         0
                text5                              1274     1274       26         0
                text4                              129A     129A       1A         0
                text3                              1222     1222       52         0
                text2                               AE2      AE2      2BA         0
                text1                              118C     118C       96         0
                text0                                12       12      AD0         0
                cinit                              12B4     12B4       16         0

        CLASS   CONST          

        CLASS   SMALLCONST     

        CLASS   MEDIUMCONST    

        CLASS   COMRAM         
                temp                                 4A       4A        1         1
                cstackCOMRAM                          1        1       28         1
                bssCOMRAM                            29       29       21         1

        CLASS   ABS1           

        CLASS   BIGRAM         

        CLASS   RAM            

        CLASS   BANK0          

        CLASS   BANK1          

        CLASS   BANK2          

        CLASS   BANK3          

        CLASS   BANK4          

        CLASS   BANK5          

        CLASS   SFR            

        CLASS   CONFIG         
                config                           300000   300000        E         4

        CLASS   IDLOC          
                idloc                            200000   200000        8         5

        CLASS   EEDATA         

        CLASS   FARRAM         



SEGMENTS        Name                           Load    Length   Top    Selector   Space  Class

                reset_vec                      000000  000004  000004         0       0  CODE    
                cstackCOMRAM                   000001  00004A  00004B         1       1  COMRAM  
                intcode                        000008  0012C2  0012CA         4       0  CODE    


UNUSED ADDRESS RANGES

        Name                Unused          Largest block    Delta
        BANK0            000080-0000FF               80
        BANK1            000100-0001FF              100
        BANK2            000200-0002FF              100
        BANK3            000300-0003FF              100
        BANK4            000400-0004FF              100
        BANK5            000500-0005FF              100
        BIGRAM           00004B-0005FF              5B5
        CODE             000004-000007                4
                         0012CA-006FFF             5D36
        COMRAM           00004B-00007F               35
        CONST            000004-000007                4
                         0012CA-006FFF             5D36
        EEDATA           F00000-F000FF              100
        MEDIUMCONST      0012CA-006FFF             5D36
        RAM              000080-0005FF              100
        SFR              000F80-000FFF               80
        SMALLCONST       0012CA-006FFF              100
        STACK            000080-0005FF              580

                                  Symbol Table

?___awdiv                cstackCOMRAM 000008
?___awmod                cstackCOMRAM 000008
?___wmul                 cstackCOMRAM 000010
_ADCON1                  (abs)        000FC1
_CMCON                   (abs)        000FB4
_INTCON                  (abs)        000FF2
_INTCONbits              (abs)        000FF2
_PORTB                   (abs)        000F81
_PORTBbits               (abs)        000F81
_PORTD                   (abs)        000F83
_PORTDbits               (abs)        000F83
_T0CONbits               (abs)        000FD5
_TMR0H                   (abs)        000FD7
_TMR0L                   (abs)        000FD6
_TRISB                   (abs)        000F93
_TRISD                   (abs)        000F95
__HRAM                   (abs)        000000
__Habs1                  abs1         000000
__Hbank0                 bank0        000000
__Hbank1                 bank1        000000
__Hbank2                 bank2        000000
__Hbank3                 bank3        000000
__Hbank4                 bank4        000000
__Hbank5                 bank5        000000
__Hbigbss                bigbss       000000
__Hbigdata               bigdata      000000
__Hbigram                bigram       000000
__Hbss                   bss          000000
__HbssCOMRAM             bssCOMRAM    000000
__Hcinit                 cinit        000000
__Hclrtext               clrtext      000000
__Hcomram                comram       000000
__Hconfig                config       30000E
__Hconst                 const        000000
__HcstackCOMRAM          cstackCOMRAM 000000
__Hdata                  data         000000
__Heeprom_data           eeprom_data  000000
__Hfarbss                farbss       000000
__Hfardata               fardata      000000
__Hibigdata              ibigdata     000000
__Hidata                 idata        000000
__Hidloc                 idloc        200008
__Hifardata              ifardata     000000
__Hinit                  init         000012
__Hintcode               intcode      00000E
__Hintcode_body          intcode_body 000000
__Hintcodelo             intcodelo    00000E
__Hintentry              intentry     000000
__Hintret                intret       000000
__Hintsave_regs          intsave_regs 000000
__Hirdata                irdata       000000
__Hmediumconst           mediumconst  000000
__HnvFARRAM              nvFARRAM     000000
__Hnvbit                 nvbit        000000
__Hnvrram                nvrram       000000
__Hparam                 rparam       000000
__Hpowerup               powerup      00000E
__Hram                   ram          000000
__Hramtop                ramtop       000600
__Hrbit                  rbit         000000
__Hrbss                  rbss         000000
__Hrdata                 rdata        000000
__Hreset_vec             reset_vec    000004
__Hrparam                rparam       000000
__Hsfr                   sfr          000000
__Hsmallconst            smallconst   000000
__Hspace_0               (abs)        0012CA
__Hspace_1               (abs)        00004B
__Hspace_2               (abs)        000000
__Hspace_4               (abs)        60000E
__Hstack                 stack        000000
__Hstruct                struct       000000
__Htemp                  temp         00004B
__Htext                  text         000000
__Htext0                 text0        000000
__Htext1                 text1        000000
__Htext2                 text2        000000
__Htext3                 text3        000000
__Htext4                 text4        000000
__Htext5                 text5        000000
__Htext6                 text6        000000
__Htext7                 text7        000000
__LRAM                   (abs)        000001
__Labs1                  abs1         000000
__Lbank0                 bank0        000000
__Lbank1                 bank1        000000
__Lbank2                 bank2        000000
__Lbank3                 bank3        000000
__Lbank4                 bank4        000000
__Lbank5                 bank5        000000
__Lbigbss                bigbss       000000
__Lbigdata               bigdata      000000
__Lbigram                bigram       000000
__Lbss                   bss          000000
__LbssCOMRAM             bssCOMRAM    000000
__Lcinit                 cinit        000000
__Lclrtext               clrtext      000000
__Lcomram                comram       000000
__Lconfig                config       000000
__Lconst                 const        000000
__LcstackCOMRAM          cstackCOMRAM 000000
__Ldata                  data         000000
__Leeprom_data           eeprom_data  000000
__Lfarbss                farbss       000000
__Lfardata               fardata      000000
__Libigdata              ibigdata     000000
__Lidata                 idata        000000
__Lidloc                 idloc        000000
__Lifardata              ifardata     000000
__Linit                  init         00000E
__Lintcode               intcode      000008
__Lintcode_body          intcode_body 000000
__Lintcodelo             intcodelo    00000E
__Lintentry              intentry     000000
__Lintret                intret       000000
__Lintsave_regs          intsave_regs 000000
__Lirdata                irdata       000000
__Lmediumconst           mediumconst  000000
__LnvFARRAM              nvFARRAM     000000
__Lnvbit                 nvbit        000000
__Lnvrram                nvrram       000000
__Lparam                 rparam       000000
__Lpowerup               powerup      00000E
__Lram                   ram          000000
__Lramtop                ramtop       000600
__Lrbit                  rbit         000000
__Lrbss                  rbss         000000
__Lrdata                 rdata        000000
__Lreset_vec             reset_vec    000000
__Lrparam                rparam       000000
__Lsfr                   sfr          000000
__Lsmallconst            smallconst   000000
__Lspace_0               (abs)        000000
__Lspace_1               (abs)        000000
__Lspace_2               (abs)        000000
__Lspace_4               (abs)        000000
__Lstack                 stack        000000
__Lstruct                struct       000000
__Ltemp                  temp         00004A
__Ltext                  text         000000
__Ltext0                 text0        000000
__Ltext1                 text1        000000
__Ltext2                 text2        000000
__Ltext3                 text3        000000
__Ltext4                 text4        000000
__Ltext5                 text5        000000
__Ltext6                 text6        000000
__Ltext7                 text7        000000
__S0                     (abs)        0012CA
__S1                     (abs)        00004B
__S2                     (abs)        000000
__S4                     (abs)        000000
__S5                     (abs)        000000
___awdiv                 text7        001018
___awdiv@counter         cstackCOMRAM 00000C
___awdiv@dividend        cstackCOMRAM 000008
___awdiv@divisor         cstackCOMRAM 00000A
___awdiv@quotient        cstackCOMRAM 00000E
___awdiv@sign            cstackCOMRAM 00000D
___awmod                 text6        0010DC
___awmod@counter         cstackCOMRAM 00000C
___awmod@dividend        cstackCOMRAM 000008
___awmod@divisor         cstackCOMRAM 00000A
___awmod@sign            cstackCOMRAM 00000D
___inthi_sp              stack        000000
___intlo_sp              stack        000000
___param_bank            (abs)        000000
___rparam_used           (abs)        000001
___sp                    stack        000000
___wmul                  text5        001274
___wmul@multiplicand     cstackCOMRAM 000012
___wmul@multiplier       cstackCOMRAM 000010
___wmul@product          cstackCOMRAM 000014
__accesstop              (abs)        000080
__activetblptr           (abs)        000000
__end_of___awdiv         text7        0010DC
__end_of___awmod         text6        00118C
__end_of___wmul          text5        00129A
__end_of__initialization cinit        0012C0
__end_of_conf_interrupt  text4        0012B4
__end_of_interrupt_PIC   intcode_body 001018
__end_of_limpa_matriz    text3        001274
__end_of_main            text0        000AE2
__end_of_testa_ganhou    text2        000D9C
__end_of_testa_velha     text1        001222
__initialization         cinit        0012B4
__mediumconst            mediumconst  000000
__pbssCOMRAM             bssCOMRAM    000029
__pcinit                 cinit        0012B4
__pcstackCOMRAM          cstackCOMRAM 000001
__pintcode               intcode      000008
__pintcode_body          intcode_body 000D9C
__ptext0                 text0        000012
__ptext1                 text1        00118C
__ptext2                 text2        000AE2
__ptext3                 text3        001222
__ptext4                 text4        00129A
__ptext5                 text5        001274
__ptext6                 text6        0010DC
__ptext7                 text7        001018
__ramtop                 ramtop       000600
__size_of___awdiv        (abs)        000000
__size_of___awmod        (abs)        000000
__size_of___wmul         (abs)        000000
__size_of_conf_interrupt (abs)        000000
__size_of_interrupt_PIC  (abs)        000000
__size_of_limpa_matriz   (abs)        000000
__size_of_main           (abs)        000000
__size_of_testa_ganhou   (abs)        000000
__size_of_testa_velha    (abs)        000000
__smallconst             smallconst   000000
_conf_interrupt          text4        00129A
_cont                    bssCOMRAM    00002B
_conta                   bssCOMRAM    00002D
_cor                     bssCOMRAM    00002C
_cursor                  bssCOMRAM    00002F
_interrupt_PIC           intcode      000008
_limpa_matriz            text3        001222
_linha                   bssCOMRAM    00002E
_main                    text0        000012
_pisca                   bssCOMRAM    000029
_testa_ganhou            text2        000AE2
_testa_velha             text1        00118C
_verde                   bssCOMRAM    000041
_vermelho                bssCOMRAM    000038
btemp                    temp         00004A
end_of_initialization    cinit        0012C0
int$flags                temp         00004A
int_func                 intcode_body 000D9C
intlevel0                text         000000
intlevel1                text         000000
intlevel2                text         000000
intlevel3                text         000000
isa$std                  (abs)        000001
isa$xinst                (abs)        000000
limpa_matriz@i           cstackCOMRAM 00000C
limpa_matriz@j           cstackCOMRAM 00000D
limpa_matriz@matriz      cstackCOMRAM 000008
main@MOVE_Old            cstackCOMRAM 000023
main@SEL_Old             cstackCOMRAM 000024
main@aux                 cstackCOMRAM 000022
main@i                   cstackCOMRAM 000027
main@marcados            cstackCOMRAM 000019
main@pontuacao_verde     cstackCOMRAM 000026
main@pontuacao_vermelho  cstackCOMRAM 000025
main@posicao             cstackCOMRAM 000028
stackhi                  (abs)        0005FF
stacklo                  (abs)        000080
start                    init         00000E
start_initialization     cinit        0012B4
testa_ganhou@teste       cstackCOMRAM 000008
testa_velha@i            cstackCOMRAM 000012
testa_velha@j            cstackCOMRAM 000013
testa_velha@soma         cstackCOMRAM 000011
testa_velha@teste1       cstackCOMRAM 000008
testa_velha@teste2       cstackCOMRAM 00000A
ttemp5                   temp         00004B
ttemp6                   temp         00004E
ttemp7                   temp         000052
wtemp8                   temp         00004B


MODULE INFORMATION

Module		Function		Class		Link	Load	Size
C:\Program Files\Microchip\xc8\v2.32\pic\sources\c99\common\awdiv.c
		___awdiv       		CODE           	1018	0000	196

C:\Program Files\Microchip\xc8\v2.32\pic\sources\c99\common\awdiv.c estimated size: 196

C:\Program Files\Microchip\xc8\v2.32\pic\sources\c99\common\Umul16.c
		___wmul        		CODE           	1274	0000	38

C:\Program Files\Microchip\xc8\v2.32\pic\sources\c99\common\Umul16.c estimated size: 38

shared
		__initialization		CODE           	12B4	0000	12

shared estimated size: 12

C:\Program Files\Microchip\xc8\v2.32\pic\sources\c99\common\awmod.c
		___awmod       		CODE           	10DC	0000	176

C:\Program Files\Microchip\xc8\v2.32\pic\sources\c99\common\awmod.c estimated size: 176

main.c
		_limpa_matriz  		CODE           	1222	0000	82
		_main          		CODE           	0012	0000	2768
		_conf_interrupt		CODE           	129A	0000	26
		_interrupt_PIC 		CODE           	0008	0000	642
		_testa_ganhou  		CODE           	0AE2	0000	698
		_testa_velha   		CODE           	118C	0000	150

main.c estimated size: 4366

